<html>
<body>
metalsmith-packagejson
MIT
git
git+https://github.com/madeofpeople/metalsmith-packagejson.git
</body>
</html>
